// Jest Snapshot v1, https://goo.gl/fbAQLP

exports[`matches snapshot 1`] = `
<DocumentFragment>
  <div>
    <div>
      <form>
        <label
          for="todo"
        >
          Task:
        </label>
        <input
          id="todo"
          name="todo"
          type="text"
          value=""
        />
        <button
          class="toDoButton"
        >
          Add a todo!
        </button>
      </form>
    </div>
    <ul />
  </div>
</DocumentFragment>
`;
